// Jest Snapshot v1, https://goo.gl/fbAQLP

exports[`ProtectedPage should render correctly 1`] = `
<DocumentFragment>
  Yo
</DocumentFragment>
`;
