// Jest Snapshot v1, https://goo.gl/fbAQLP

exports[`Input should render with all the inputs 1`] = `
<DocumentFragment>
  <div
    class="custom-input"
  >
    <label>
      Email
    </label>
    <br />
    <input
      name="email"
      placeholder="Enter your email"
      type="email"
      value="yo"
    />
  </div>
</DocumentFragment>
`;
