// Jest Snapshot v1, https://goo.gl/fbAQLP

exports[`Button should render correctly 1`] = `
<DocumentFragment>
  <button
    class="custom-button"
  >
    Click me
  </button>
</DocumentFragment>
`;
